MPLINK 5.08, LINKER
Linker Map File - Created Mon Oct 19 17:13:27 2015

                                 Section Info
                  Section       Type    Address   Location Size(Bytes)
                ---------  ---------  ---------  ---------  ---------
                   .org_0       code   0x000000    program   0x000002
                   .cinit    romdata   0x000001    program   0x000004
                   .org_1       code   0x000004    program   0x00003a
.config_2007_BUILD/DEFAULT/DEBUG/MAIN.O       code   0x002007    program   0x000002



                              Program Memory Usage 
                               Start         End      
                           ---------   ---------      
                            0x000000    0x000002      
                            0x000004    0x000020      
                            0x002007    0x002007      
            33 out of 8454 program addresses used, program memory utilization is 0%



                              Symbols - Sorted by Name
                     Name    Address   Location    Storage File                     
                ---------  ---------  ---------  --------- ---------                
                     NEXT   0x00001f    program     static C:\Users\Andre\Documents\GitHub\microcontrollers\PIC\Counter\Counter.X\Main.asm
                 PgmStart   0x000012    program     static C:\Users\Andre\Documents\GitHub\microcontrollers\PIC\Counter\Counter.X\Main.asm
             _.org_1_0020   0x000020    program     static C:\Users\Andre\Documents\GitHub\microcontrollers\PIC\Counter\Counter.X\Main.asm



                              Symbols - Sorted by Address
                     Name    Address   Location    Storage File                     
                ---------  ---------  ---------  --------- ---------                
                 PgmStart   0x000012    program     static C:\Users\Andre\Documents\GitHub\microcontrollers\PIC\Counter\Counter.X\Main.asm
                     NEXT   0x00001f    program     static C:\Users\Andre\Documents\GitHub\microcontrollers\PIC\Counter\Counter.X\Main.asm
             _.org_1_0020   0x000020    program     static C:\Users\Andre\Documents\GitHub\microcontrollers\PIC\Counter\Counter.X\Main.asm


