MPLINK 5.08, LINKER
Linker Map File - Created Tue Oct 20 19:14:34 2015

                                 Section Info
                  Section       Type    Address   Location Size(Bytes)
                ---------  ---------  ---------  ---------  ---------
                   .org_0       code   0x000000    program   0x000002
                   .cinit    romdata   0x000001    program   0x000004
                   .org_1       code   0x000004    program   0x000108
.config_2007_BUILD/DEFAULT/PRODUCTION/MAIN.O       code   0x002007    program   0x000002



                              Program Memory Usage 
                               Start         End      
                           ---------   ---------      
                            0x000000    0x000002      
                            0x000004    0x000087      
                            0x002007    0x002007      
            136 out of 8454 program addresses used, program memory utilization is 1%



                              Symbols - Sorted by Name
                     Name    Address   Location    Storage File                     
                ---------  ---------  ---------  --------- ---------                
                    CLEAR   0x000047    program     static C:\Users\Andre\Documents\GitHub\microcontrollers\PIC\Counter\Counter.X\Main.asm
                DECREMENT   0x000021    program     static C:\Users\Andre\Documents\GitHub\microcontrollers\PIC\Counter\Counter.X\Main.asm
                  DEMACIA   0x00004c    program     static C:\Users\Andre\Documents\GitHub\microcontrollers\PIC\Counter\Counter.X\Main.asm
                  DISPLAY   0x000055    program     static C:\Users\Andre\Documents\GitHub\microcontrollers\PIC\Counter\Counter.X\Main.asm
                INCREMENT   0x000036    program     static C:\Users\Andre\Documents\GitHub\microcontrollers\PIC\Counter\Counter.X\Main.asm
                  INT_INT   0x000010    program     static C:\Users\Andre\Documents\GitHub\microcontrollers\PIC\Counter\Counter.X\Main.asm
                   INT_RB   0x000015    program     static C:\Users\Andre\Documents\GitHub\microcontrollers\PIC\Counter\Counter.X\Main.asm
                     MAIN   0x000086    program     static C:\Users\Andre\Documents\GitHub\microcontrollers\PIC\Counter\Counter.X\Main.asm
                    SETUP   0x000074    program     static C:\Users\Andre\Documents\GitHub\microcontrollers\PIC\Counter\Counter.X\Main.asm



                              Symbols - Sorted by Address
                     Name    Address   Location    Storage File                     
                ---------  ---------  ---------  --------- ---------                
                  INT_INT   0x000010    program     static C:\Users\Andre\Documents\GitHub\microcontrollers\PIC\Counter\Counter.X\Main.asm
                   INT_RB   0x000015    program     static C:\Users\Andre\Documents\GitHub\microcontrollers\PIC\Counter\Counter.X\Main.asm
                DECREMENT   0x000021    program     static C:\Users\Andre\Documents\GitHub\microcontrollers\PIC\Counter\Counter.X\Main.asm
                INCREMENT   0x000036    program     static C:\Users\Andre\Documents\GitHub\microcontrollers\PIC\Counter\Counter.X\Main.asm
                    CLEAR   0x000047    program     static C:\Users\Andre\Documents\GitHub\microcontrollers\PIC\Counter\Counter.X\Main.asm
                  DEMACIA   0x00004c    program     static C:\Users\Andre\Documents\GitHub\microcontrollers\PIC\Counter\Counter.X\Main.asm
                  DISPLAY   0x000055    program     static C:\Users\Andre\Documents\GitHub\microcontrollers\PIC\Counter\Counter.X\Main.asm
                    SETUP   0x000074    program     static C:\Users\Andre\Documents\GitHub\microcontrollers\PIC\Counter\Counter.X\Main.asm
                     MAIN   0x000086    program     static C:\Users\Andre\Documents\GitHub\microcontrollers\PIC\Counter\Counter.X\Main.asm


